---
source: crates/voksa-core/tests/prosody.rs
expression: "apply_prosody(compiled(\"xu do klama\"), &ProsodyOptions\n{ xu_rise: true, ..Default::default() })"
---
UtteranceSchedule {
    events: [
        Event {
            at_ms: 0.0,
            transition_ms: 35.0,
            frame: Frame {
                f0_hz: 120.0,
                targets: Targets {
                    formants: [
                        Formant {
                            freq_hz: 500.0,
                            bw_hz: 90.0,
                            amp: 0.0,
                        },
                        Formant {
                            freq_hz: 1500.0,
                            bw_hz: 110.0,
                            amp: 0.0,
                        },
                        Formant {
                            freq_hz: 2000.0,
                            bw_hz: 600.0,
                            amp: 0.85,
                        },
                    ],
                    voicing: 0.0,
                    aspiration: 1.0,
                },
                oq: 1.1,
                tilt: -0.1,
                di: 0.0,
                vibrato_hz: 0.0,
                flutter: 25.0,
            },
            micro: VoicelessObstruent,
        },
        Event {
            at_ms: 120.0,
            transition_ms: 35.0,
            frame: Frame {
                f0_hz: 127.33392,
                targets: Targets {
                    formants: [
                        Formant {
                            freq_hz: 317.5,
                            bw_hz: 90.0,
                            amp: 1.0,
                        },
                        Formant {
                            freq_hz: 925.125,
                            bw_hz: 110.0,
                            amp: 0.75,
                        },
                        Formant {
                            freq_hz: 2262.75,
                            bw_hz: 150.0,
                            amp: 0.25,
                        },
                    ],
                    voicing: 1.0,
                    aspiration: 0.06,
                },
                oq: 1.1,
                tilt: -0.1,
                di: 0.0,
                vibrato_hz: 0.0,
                flutter: 25.0,
            },
            micro: Vowel(
                High,
            ),
        },
        Event {
            at_ms: 170.0,
            transition_ms: 50.0,
            frame: Frame {
                f0_hz: 120.22306,
                targets: Targets {
                    formants: [
                        Formant {
                            freq_hz: 335.0,
                            bw_hz: 90.0,
                            amp: 1.0,
                        },
                        Formant {
                            freq_hz: 980.25,
                            bw_hz: 110.0,
                            amp: 0.75,
                        },
                        Formant {
                            freq_hz: 2285.5,
                            bw_hz: 150.0,
                            amp: 0.25,
                        },
                    ],
                    voicing: 1.0,
                    aspiration: 0.06,
                },
                oq: 1.1,
                tilt: -0.1,
                di: 0.0,
                vibrato_hz: 0.0,
                flutter: 25.0,
            },
            micro: Vowel(
                High,
            ),
        },
        Event {
            at_ms: 270.0,
            transition_ms: 20.0,
            frame: Frame {
                f0_hz: 114.001335,
                targets: Targets {
                    formants: [
                        Formant {
                            freq_hz: 200.0,
                            bw_hz: 100.0,
                            amp: 0.3,
                        },
                        Formant {
                            freq_hz: 1500.0,
                            bw_hz: 110.0,
                            amp: 0.0,
                        },
                        Formant {
                            freq_hz: 2500.0,
                            bw_hz: 150.0,
                            amp: 0.0,
                        },
                    ],
                    voicing: 1.0,
                    aspiration: 0.06,
                },
                oq: 1.1,
                tilt: -0.1,
                di: 0.0,
                vibrato_hz: 0.0,
                flutter: 25.0,
            },
            micro: VoicedObstruent,
        },
        Event {
            at_ms: 330.0,
            transition_ms: 5.0,
            frame: Frame {
                f0_hz: 112.6683,
                targets: Targets {
                    formants: [
                        Formant {
                            freq_hz: 500.0,
                            bw_hz: 90.0,
                            amp: 0.0,
                        },
                        Formant {
                            freq_hz: 1500.0,
                            bw_hz: 110.0,
                            amp: 0.0,
                        },
                        Formant {
                            freq_hz: 3500.0,
                            bw_hz: 1000.0,
                            amp: 0.85,
                        },
                    ],
                    voicing: 0.0,
                    aspiration: 1.0,
                },
                oq: 1.1,
                tilt: -0.1,
                di: 0.0,
                vibrato_hz: 0.0,
                flutter: 25.0,
            },
            micro: VoicedObstruent,
        },
        Event {
            at_ms: 355.0,
            transition_ms: 35.0,
            frame: Frame {
                f0_hz: 108.51286,
                targets: Targets {
                    formants: [
                        Formant {
                            freq_hz: 563.875,
                            bw_hz: 90.0,
                            amp: 1.0,
                        },
                        Formant {
                            freq_hz: 897.75,
                            bw_hz: 110.0,
                            amp: 0.8,
                        },
                        Formant {
                            freq_hz: 2417.875,
                            bw_hz: 150.0,
                            amp: 0.25,
                        },
                    ],
                    voicing: 1.0,
                    aspiration: 0.06,
                },
                oq: 1.1,
                tilt: -0.1,
                di: 0.0,
                vibrato_hz: 0.0,
                flutter: 25.0,
            },
            micro: Vowel(
                Mid,
            ),
        },
        Event {
            at_ms: 405.0,
            transition_ms: 50.0,
            frame: Frame {
                f0_hz: 111.002,
                targets: Targets {
                    formants: [
                        Formant {
                            freq_hz: 557.75,
                            bw_hz: 90.0,
                            amp: 1.0,
                        },
                        Formant {
                            freq_hz: 955.5,
                            bw_hz: 110.0,
                            amp: 0.8,
                        },
                        Formant {
                            freq_hz: 2425.75,
                            bw_hz: 150.0,
                            amp: 0.25,
                        },
                    ],
                    voicing: 1.0,
                    aspiration: 0.06,
                },
                oq: 1.1,
                tilt: -0.1,
                di: 0.0,
                vibrato_hz: 0.0,
                flutter: 25.0,
            },
            micro: Vowel(
                Mid,
            ),
        },
        Event {
            at_ms: 505.0,
            transition_ms: 17.0,
            frame: Frame {
                f0_hz: 128.78027,
                targets: Targets {
                    formants: [
                        Formant {
                            freq_hz: 500.0,
                            bw_hz: 90.0,
                            amp: 0.0,
                        },
                        Formant {
                            freq_hz: 1500.0,
                            bw_hz: 110.0,
                            amp: 0.0,
                        },
                        Formant {
                            freq_hz: 2500.0,
                            bw_hz: 150.0,
                            amp: 0.0,
                        },
                    ],
                    voicing: 0.0,
                    aspiration: 0.0,
                },
                oq: 1.1,
                tilt: -0.1,
                di: 0.0,
                vibrato_hz: 0.0,
                flutter: 25.0,
            },
            micro: VoicelessObstruent,
        },
        Event {
            at_ms: 556.0,
            transition_ms: 4.25,
            frame: Frame {
                f0_hz: 127.64719,
                targets: Targets {
                    formants: [
                        Formant {
                            freq_hz: 500.0,
                            bw_hz: 90.0,
                            amp: 0.0,
                        },
                        Formant {
                            freq_hz: 1500.0,
                            bw_hz: 110.0,
                            amp: 0.0,
                        },
                        Formant {
                            freq_hz: 2150.0,
                            bw_hz: 500.0,
                            amp: 1.0200001,
                        },
                    ],
                    voicing: 0.0,
                    aspiration: 1.0,
                },
                oq: 1.1,
                tilt: -0.1,
                di: 0.0,
                vibrato_hz: 0.0,
                flutter: 25.0,
            },
            micro: VoicelessObstruent,
        },
        Event {
            at_ms: 577.25,
            transition_ms: 27.2,
            frame: Frame {
                f0_hz: 127.17507,
                targets: Targets {
                    formants: [
                        Formant {
                            freq_hz: 360.0,
                            bw_hz: 90.0,
                            amp: 1.2,
                        },
                        Formant {
                            freq_hz: 1300.0,
                            bw_hz: 110.0,
                            amp: 0.6,
                        },
                        Formant {
                            freq_hz: 2700.0,
                            bw_hz: 150.0,
                            amp: 0.24000001,
                        },
                    ],
                    voicing: 1.0,
                    aspiration: 0.06,
                },
                oq: 1.1,
                tilt: -0.1,
                di: 0.0,
                vibrato_hz: 0.0,
                flutter: 25.0,
            },
            micro: Sonorant,
        },
        Event {
            at_ms: 645.25,
            transition_ms: 52.5,
            frame: Frame {
                f0_hz: 121.6643,
                targets: Targets {
                    formants: [
                        Formant {
                            freq_hz: 730.0,
                            bw_hz: 90.0,
                            amp: 1.2,
                        },
                        Formant {
                            freq_hz: 1090.0,
                            bw_hz: 110.0,
                            amp: 0.96000004,
                        },
                        Formant {
                            freq_hz: 2440.0,
                            bw_hz: 150.0,
                            amp: 0.36,
                        },
                    ],
                    voicing: 1.0,
                    aspiration: 0.06,
                },
                oq: 1.1,
                tilt: -0.1,
                di: 0.0,
                vibrato_hz: 0.0,
                flutter: 25.0,
            },
            micro: Vowel(
                Low,
            ),
        },
        Event {
            at_ms: 885.25,
            transition_ms: 32.0,
            frame: Frame {
                f0_hz: 100.332146,
                targets: Targets {
                    formants: [
                        Formant {
                            freq_hz: 300.0,
                            bw_hz: 100.0,
                            amp: 1.0,
                        },
                        Formant {
                            freq_hz: 1000.0,
                            bw_hz: 150.0,
                            amp: 0.1,
                        },
                        Formant {
                            freq_hz: 2200.0,
                            bw_hz: 200.0,
                            amp: 0.05,
                        },
                    ],
                    voicing: 1.0,
                    aspiration: 0.06,
                },
                oq: 1.1,
                tilt: -0.1,
                di: 0.0,
                vibrato_hz: 0.0,
                flutter: 25.0,
            },
            micro: Sonorant,
        },
        Event {
            at_ms: 957.25,
            transition_ms: 216.0,
            frame: Frame {
                f0_hz: 125.332146,
                targets: Targets {
                    formants: [
                        Formant {
                            freq_hz: 300.0,
                            bw_hz: 100.0,
                            amp: 1.0,
                        },
                        Formant {
                            freq_hz: 1000.0,
                            bw_hz: 150.0,
                            amp: 0.1,
                        },
                        Formant {
                            freq_hz: 2200.0,
                            bw_hz: 200.0,
                            amp: 0.05,
                        },
                    ],
                    voicing: 1.0,
                    aspiration: 0.06,
                },
                oq: 1.1,
                tilt: -0.1,
                di: 0.0,
                vibrato_hz: 0.0,
                flutter: 25.0,
            },
            micro: Sonorant,
        },
        Event {
            at_ms: 965.25,
            transition_ms: 45.5,
            frame: Frame {
                f0_hz: 119.55476,
                targets: Targets {
                    formants: [
                        Formant {
                            freq_hz: 730.0,
                            bw_hz: 90.0,
                            amp: 1.0,
                        },
                        Formant {
                            freq_hz: 1090.0,
                            bw_hz: 110.0,
                            amp: 0.8,
                        },
                        Formant {
                            freq_hz: 2440.0,
                            bw_hz: 150.0,
                            amp: 0.3,
                        },
                    ],
                    voicing: 1.0,
                    aspiration: 0.06,
                },
                oq: 1.1,
                tilt: -0.1,
                di: 0.0,
                vibrato_hz: 0.0,
                flutter: 25.0,
            },
            micro: Vowel(
                Low,
            ),
        },
    ],
    spans: [
        SyllableSpan {
            start_ms: 0.0,
            dur_ms: 270.0,
            nucleus_off_ms: 120.0,
            word_index: 0,
            stressed: false,
            countable: true,
            onset_count: 1,
            coda_count: 0,
        },
        SyllableSpan {
            start_ms: 270.0,
            dur_ms: 235.0,
            nucleus_off_ms: 85.0,
            word_index: 1,
            stressed: false,
            countable: true,
            onset_count: 1,
            coda_count: 0,
        },
        SyllableSpan {
            start_ms: 505.0,
            dur_ms: 380.25,
            nucleus_off_ms: 140.25,
            word_index: 2,
            stressed: true,
            countable: true,
            onset_count: 2,
            coda_count: 0,
        },
        SyllableSpan {
            start_ms: 885.25,
            dur_ms: 288.0,
            nucleus_off_ms: 80.0,
            word_index: 2,
            stressed: false,
            countable: true,
            onset_count: 1,
            coda_count: 0,
        },
    ],
    total_ms: 1173.25,
    attitudinals: [],
}
