---
source: crates/voksa-core/tests/prosody.rs
expression: "prosodic(\"mi tavla do bau la lojban.\")"
---
UtteranceSchedule {
    events: [
        Event {
            at_ms: 0.0,
            transition_ms: 32.0,
            frame: Frame {
                f0_hz: 120.0,
                targets: Targets {
                    formants: [
                        Formant {
                            freq_hz: 300.0,
                            bw_hz: 100.0,
                            amp: 1.0,
                        },
                        Formant {
                            freq_hz: 1000.0,
                            bw_hz: 150.0,
                            amp: 0.1,
                        },
                        Formant {
                            freq_hz: 2200.0,
                            bw_hz: 200.0,
                            amp: 0.05,
                        },
                    ],
                    voicing: 1.0,
                    aspiration: 0.06,
                },
                oq: 1.1,
                tilt: -0.1,
                di: 0.0,
                vibrato_hz: 0.0,
                flutter: 25.0,
            },
            micro: Sonorant,
        },
        Event {
            at_ms: 80.0,
            transition_ms: 35.0,
            frame: Frame {
                f0_hz: 123.18839,
                targets: Targets {
                    formants: [
                        Formant {
                            freq_hz: 290.125,
                            bw_hz: 90.0,
                            amp: 1.0,
                        },
                        Formant {
                            freq_hz: 2220.875,
                            bw_hz: 110.0,
                            amp: 0.7,
                        },
                        Formant {
                            freq_hz: 2965.375,
                            bw_hz: 150.0,
                            amp: 0.45,
                        },
                    ],
                    voicing: 1.0,
                    aspiration: 0.06,
                },
                oq: 1.1,
                tilt: -0.1,
                di: 0.0,
                vibrato_hz: 0.0,
                flutter: 25.0,
            },
            micro: Vowel(
                High,
            ),
        },
        Event {
            at_ms: 230.0,
            transition_ms: 20.0,
            frame: Frame {
                f0_hz: 137.66663,
                targets: Targets {
                    formants: [
                        Formant {
                            freq_hz: 500.0,
                            bw_hz: 90.0,
                            amp: 0.0,
                        },
                        Formant {
                            freq_hz: 1500.0,
                            bw_hz: 110.0,
                            amp: 0.0,
                        },
                        Formant {
                            freq_hz: 2500.0,
                            bw_hz: 150.0,
                            amp: 0.0,
                        },
                    ],
                    voicing: 0.0,
                    aspiration: 0.0,
                },
                oq: 1.1,
                tilt: -0.1,
                di: 0.0,
                vibrato_hz: 0.0,
                flutter: 25.0,
            },
            micro: VoicelessObstruent,
        },
        Event {
            at_ms: 290.0,
            transition_ms: 5.0,
            frame: Frame {
                f0_hz: 137.05792,
                targets: Targets {
                    formants: [
                        Formant {
                            freq_hz: 500.0,
                            bw_hz: 90.0,
                            amp: 0.0,
                        },
                        Formant {
                            freq_hz: 1500.0,
                            bw_hz: 110.0,
                            amp: 0.0,
                        },
                        Formant {
                            freq_hz: 3500.0,
                            bw_hz: 1000.0,
                            amp: 1.0200001,
                        },
                    ],
                    voicing: 0.0,
                    aspiration: 1.0,
                },
                oq: 1.1,
                tilt: -0.1,
                di: 0.0,
                vibrato_hz: 0.0,
                flutter: 25.0,
            },
            micro: VoicelessObstruent,
        },
        Event {
            at_ms: 315.0,
            transition_ms: 52.5,
            frame: Frame {
                f0_hz: 138.80429,
                targets: Targets {
                    formants: [
                        Formant {
                            freq_hz: 730.0,
                            bw_hz: 90.0,
                            amp: 1.2,
                        },
                        Formant {
                            freq_hz: 1090.0,
                            bw_hz: 110.0,
                            amp: 0.96000004,
                        },
                        Formant {
                            freq_hz: 2440.0,
                            bw_hz: 150.0,
                            amp: 0.36,
                        },
                    ],
                    voicing: 1.0,
                    aspiration: 0.06,
                },
                oq: 1.1,
                tilt: -0.1,
                di: 0.0,
                vibrato_hz: 0.0,
                flutter: 25.0,
            },
            micro: Vowel(
                Low,
            ),
        },
        Event {
            at_ms: 390.0,
            transition_ms: 75.0,
            frame: Frame {
                f0_hz: 132.04343,
                targets: Targets {
                    formants: [
                        Formant {
                            freq_hz: 730.0,
                            bw_hz: 90.0,
                            amp: 1.2,
                        },
                        Formant {
                            freq_hz: 1090.0,
                            bw_hz: 110.0,
                            amp: 0.96000004,
                        },
                        Formant {
                            freq_hz: 2440.0,
                            bw_hz: 150.0,
                            amp: 0.36,
                        },
                    ],
                    voicing: 1.0,
                    aspiration: 0.06,
                },
                oq: 1.1,
                tilt: -0.1,
                di: 0.0,
                vibrato_hz: 0.0,
                flutter: 25.0,
            },
            micro: Vowel(
                Low,
            ),
        },
        Event {
            at_ms: 555.0,
            transition_ms: 29.75,
            frame: Frame {
                f0_hz: 114.369484,
                targets: Targets {
                    formants: [
                        Formant {
                            freq_hz: 250.0,
                            bw_hz: 100.0,
                            amp: 0.6,
                        },
                        Formant {
                            freq_hz: 1500.0,
                            bw_hz: 110.0,
                            amp: 0.0,
                        },
                        Formant {
                            freq_hz: 4500.0,
                            bw_hz: 3500.0,
                            amp: 0.3,
                        },
                    ],
                    voicing: 0.6,
                    aspiration: 0.56,
                },
                oq: 1.1,
                tilt: -0.1,
                di: 0.0,
                vibrato_hz: 0.0,
                flutter: 25.0,
            },
            micro: VoicedObstruent,
        },
        Event {
            at_ms: 657.0,
            transition_ms: 27.2,
            frame: Frame {
                f0_hz: 113.33469,
                targets: Targets {
                    formants: [
                        Formant {
                            freq_hz: 360.0,
                            bw_hz: 90.0,
                            amp: 1.0,
                        },
                        Formant {
                            freq_hz: 1300.0,
                            bw_hz: 110.0,
                            amp: 0.5,
                        },
                        Formant {
                            freq_hz: 2700.0,
                            bw_hz: 150.0,
                            amp: 0.2,
                        },
                    ],
                    voicing: 1.0,
                    aspiration: 0.06,
                },
                oq: 1.1,
                tilt: -0.1,
                di: 0.0,
                vibrato_hz: 0.0,
                flutter: 25.0,
            },
            micro: Sonorant,
        },
        Event {
            at_ms: 725.0,
            transition_ms: 35.0,
            frame: Frame {
                f0_hz: 108.64482,
                targets: Targets {
                    formants: [
                        Formant {
                            freq_hz: 713.9,
                            bw_hz: 90.0,
                            amp: 1.0,
                        },
                        Formant {
                            freq_hz: 1118.7,
                            bw_hz: 110.0,
                            amp: 0.8,
                        },
                        Formant {
                            freq_hz: 2444.2,
                            bw_hz: 150.0,
                            amp: 0.3,
                        },
                    ],
                    voicing: 1.0,
                    aspiration: 0.06,
                },
                oq: 1.1,
                tilt: -0.1,
                di: 0.0,
                vibrato_hz: 0.0,
                flutter: 25.0,
            },
            micro: Vowel(
                Low,
            ),
        },
        Event {
            at_ms: 885.0,
            transition_ms: 20.0,
            frame: Frame {
                f0_hz: 111.02161,
                targets: Targets {
                    formants: [
                        Formant {
                            freq_hz: 200.0,
                            bw_hz: 100.0,
                            amp: 0.3,
                        },
                        Formant {
                            freq_hz: 1500.0,
                            bw_hz: 110.0,
                            amp: 0.0,
                        },
                        Formant {
                            freq_hz: 2500.0,
                            bw_hz: 150.0,
                            amp: 0.0,
                        },
                    ],
                    voicing: 1.0,
                    aspiration: 0.06,
                },
                oq: 1.1,
                tilt: -0.1,
                di: 0.0,
                vibrato_hz: 0.0,
                flutter: 25.0,
            },
            micro: VoicedObstruent,
        },
        Event {
            at_ms: 945.0,
            transition_ms: 5.0,
            frame: Frame {
                f0_hz: 110.4129,
                targets: Targets {
                    formants: [
                        Formant {
                            freq_hz: 500.0,
                            bw_hz: 90.0,
                            amp: 0.0,
                        },
                        Formant {
                            freq_hz: 1500.0,
                            bw_hz: 110.0,
                            amp: 0.0,
                        },
                        Formant {
                            freq_hz: 3500.0,
                            bw_hz: 1000.0,
                            amp: 0.85,
                        },
                    ],
                    voicing: 0.0,
                    aspiration: 1.0,
                },
                oq: 1.1,
                tilt: -0.1,
                di: 0.0,
                vibrato_hz: 0.0,
                flutter: 25.0,
            },
            micro: VoicedObstruent,
        },
        Event {
            at_ms: 970.0,
            transition_ms: 35.0,
            frame: Frame {
                f0_hz: 106.55928,
                targets: Targets {
                    formants: [
                        Formant {
                            freq_hz: 563.875,
                            bw_hz: 90.0,
                            amp: 1.0,
                        },
                        Formant {
                            freq_hz: 897.75,
                            bw_hz: 110.0,
                            amp: 0.8,
                        },
                        Formant {
                            freq_hz: 2417.875,
                            bw_hz: 150.0,
                            amp: 0.25,
                        },
                    ],
                    voicing: 1.0,
                    aspiration: 0.06,
                },
                oq: 1.1,
                tilt: -0.1,
                di: 0.0,
                vibrato_hz: 0.0,
                flutter: 25.0,
            },
            micro: Vowel(
                Mid,
            ),
        },
        Event {
            at_ms: 1020.0,
            transition_ms: 50.0,
            frame: Frame {
                f0_hz: 109.65202,
                targets: Targets {
                    formants: [
                        Formant {
                            freq_hz: 563.875,
                            bw_hz: 90.0,
                            amp: 1.0,
                        },
                        Formant {
                            freq_hz: 897.75,
                            bw_hz: 110.0,
                            amp: 0.8,
                        },
                        Formant {
                            freq_hz: 2417.875,
                            bw_hz: 150.0,
                            amp: 0.25,
                        },
                    ],
                    voicing: 1.0,
                    aspiration: 0.06,
                },
                oq: 1.1,
                tilt: -0.1,
                di: 0.0,
                vibrato_hz: 0.0,
                flutter: 25.0,
            },
            micro: Vowel(
                Mid,
            ),
        },
        Event {
            at_ms: 1120.0,
            transition_ms: 20.0,
            frame: Frame {
                f0_hz: 108.63752,
                targets: Targets {
                    formants: [
                        Formant {
                            freq_hz: 200.0,
                            bw_hz: 100.0,
                            amp: 0.3,
                        },
                        Formant {
                            freq_hz: 1500.0,
                            bw_hz: 110.0,
                            amp: 0.0,
                        },
                        Formant {
                            freq_hz: 2500.0,
                            bw_hz: 150.0,
                            amp: 0.0,
                        },
                    ],
                    voicing: 1.0,
                    aspiration: 0.06,
                },
                oq: 1.1,
                tilt: -0.1,
                di: 0.0,
                vibrato_hz: 0.0,
                flutter: 25.0,
            },
            micro: VoicedObstruent,
        },
        Event {
            at_ms: 1180.0,
            transition_ms: 5.0,
            frame: Frame {
                f0_hz: 108.02881,
                targets: Targets {
                    formants: [
                        Formant {
                            freq_hz: 500.0,
                            bw_hz: 90.0,
                            amp: 0.0,
                        },
                        Formant {
                            freq_hz: 700.0,
                            bw_hz: 700.0,
                            amp: 0.6,
                        },
                        Formant {
                            freq_hz: 2500.0,
                            bw_hz: 150.0,
                            amp: 0.0,
                        },
                    ],
                    voicing: 0.0,
                    aspiration: 1.0,
                },
                oq: 1.1,
                tilt: -0.1,
                di: 0.0,
                vibrato_hz: 0.0,
                flutter: 25.0,
            },
            micro: VoicedObstruent,
        },
        Event {
            at_ms: 1205.0,
            transition_ms: 20.0,
            frame: Frame {
                f0_hz: 107.775185,
                targets: Targets {
                    formants: [
                        Formant {
                            freq_hz: 730.0,
                            bw_hz: 90.0,
                            amp: 1.0,
                        },
                        Formant {
                            freq_hz: 1090.0,
                            bw_hz: 110.0,
                            amp: 0.8,
                        },
                        Formant {
                            freq_hz: 2440.0,
                            bw_hz: 150.0,
                            amp: 0.3,
                        },
                    ],
                    voicing: 1.0,
                    aspiration: 0.06,
                },
                oq: 1.1,
                tilt: -0.1,
                di: 0.0,
                vibrato_hz: 0.0,
                flutter: 25.0,
            },
            micro: Diphthong,
        },
        Event {
            at_ms: 1255.0,
            transition_ms: 100.0,
            frame: Frame {
                f0_hz: 107.26793,
                targets: Targets {
                    formants: [
                        Formant {
                            freq_hz: 300.0,
                            bw_hz: 90.0,
                            amp: 1.0,
                        },
                        Formant {
                            freq_hz: 870.0,
                            bw_hz: 110.0,
                            amp: 0.75,
                        },
                        Formant {
                            freq_hz: 2240.0,
                            bw_hz: 150.0,
                            amp: 0.25,
                        },
                    ],
                    voicing: 1.0,
                    aspiration: 0.06,
                },
                oq: 1.1,
                tilt: -0.1,
                di: 0.0,
                vibrato_hz: 0.0,
                flutter: 25.0,
            },
            micro: Diphthong,
        },
        Event {
            at_ms: 1405.0,
            transition_ms: 32.0,
            frame: Frame {
                f0_hz: 105.74617,
                targets: Targets {
                    formants: [
                        Formant {
                            freq_hz: 360.0,
                            bw_hz: 90.0,
                            amp: 1.0,
                        },
                        Formant {
                            freq_hz: 1300.0,
                            bw_hz: 110.0,
                            amp: 0.5,
                        },
                        Formant {
                            freq_hz: 2700.0,
                            bw_hz: 150.0,
                            amp: 0.2,
                        },
                    ],
                    voicing: 1.0,
                    aspiration: 0.06,
                },
                oq: 1.1,
                tilt: -0.1,
                di: 0.0,
                vibrato_hz: 0.0,
                flutter: 25.0,
            },
            micro: Sonorant,
        },
        Event {
            at_ms: 1485.0,
            transition_ms: 35.0,
            frame: Frame {
                f0_hz: 100.93456,
                targets: Targets {
                    formants: [
                        Formant {
                            freq_hz: 713.9,
                            bw_hz: 90.0,
                            amp: 1.0,
                        },
                        Formant {
                            freq_hz: 1118.7,
                            bw_hz: 110.0,
                            amp: 0.8,
                        },
                        Formant {
                            freq_hz: 2444.2,
                            bw_hz: 150.0,
                            amp: 0.3,
                        },
                    ],
                    voicing: 1.0,
                    aspiration: 0.06,
                },
                oq: 1.1,
                tilt: -0.1,
                di: 0.0,
                vibrato_hz: 0.0,
                flutter: 25.0,
            },
            micro: Vowel(
                Low,
            ),
        },
        Event {
            at_ms: 1645.0,
            transition_ms: 32.0,
            frame: Frame {
                f0_hz: 123.311356,
                targets: Targets {
                    formants: [
                        Formant {
                            freq_hz: 360.0,
                            bw_hz: 90.0,
                            amp: 1.2,
                        },
                        Formant {
                            freq_hz: 1300.0,
                            bw_hz: 110.0,
                            amp: 0.6,
                        },
                        Formant {
                            freq_hz: 2700.0,
                            bw_hz: 150.0,
                            amp: 0.24000001,
                        },
                    ],
                    voicing: 1.0,
                    aspiration: 0.06,
                },
                oq: 1.1,
                tilt: -0.1,
                di: 0.0,
                vibrato_hz: 0.0,
                flutter: 25.0,
            },
            micro: Sonorant,
        },
        Event {
            at_ms: 1725.0,
            transition_ms: 52.5,
            frame: Frame {
                f0_hz: 122.49975,
                targets: Targets {
                    formants: [
                        Formant {
                            freq_hz: 570.0,
                            bw_hz: 90.0,
                            amp: 1.2,
                        },
                        Formant {
                            freq_hz: 840.0,
                            bw_hz: 110.0,
                            amp: 0.96000004,
                        },
                        Formant {
                            freq_hz: 2410.0,
                            bw_hz: 150.0,
                            amp: 0.3,
                        },
                    ],
                    voicing: 1.0,
                    aspiration: 0.06,
                },
                oq: 1.1,
                tilt: -0.1,
                di: 0.0,
                vibrato_hz: 0.0,
                flutter: 25.0,
            },
            micro: Vowel(
                Mid,
            ),
        },
        Event {
            at_ms: 1950.0,
            transition_ms: 29.75,
            frame: Frame {
                f0_hz: 100.2171,
                targets: Targets {
                    formants: [
                        Formant {
                            freq_hz: 250.0,
                            bw_hz: 100.0,
                            amp: 0.6,
                        },
                        Formant {
                            freq_hz: 1500.0,
                            bw_hz: 110.0,
                            amp: 0.0,
                        },
                        Formant {
                            freq_hz: 2800.0,
                            bw_hz: 700.0,
                            amp: 0.8,
                        },
                    ],
                    voicing: 0.6,
                    aspiration: 0.66,
                },
                oq: 1.1,
                tilt: -0.1,
                di: 0.0,
                vibrato_hz: 0.0,
                flutter: 25.0,
            },
            micro: VoicedObstruent,
        },
        Event {
            at_ms: 2052.0,
            transition_ms: 17.0,
            frame: Frame {
                f0_hz: 99.18231,
                targets: Targets {
                    formants: [
                        Formant {
                            freq_hz: 200.0,
                            bw_hz: 100.0,
                            amp: 0.3,
                        },
                        Formant {
                            freq_hz: 1500.0,
                            bw_hz: 110.0,
                            amp: 0.0,
                        },
                        Formant {
                            freq_hz: 2500.0,
                            bw_hz: 150.0,
                            amp: 0.0,
                        },
                    ],
                    voicing: 1.0,
                    aspiration: 0.06,
                },
                oq: 1.1,
                tilt: -0.1,
                di: 0.0,
                vibrato_hz: 0.0,
                flutter: 25.0,
            },
            micro: VoicedObstruent,
        },
        Event {
            at_ms: 2103.0,
            transition_ms: 4.25,
            frame: Frame {
                f0_hz: 98.66491,
                targets: Targets {
                    formants: [
                        Formant {
                            freq_hz: 500.0,
                            bw_hz: 90.0,
                            amp: 0.0,
                        },
                        Formant {
                            freq_hz: 700.0,
                            bw_hz: 700.0,
                            amp: 0.6,
                        },
                        Formant {
                            freq_hz: 2500.0,
                            bw_hz: 150.0,
                            amp: 0.0,
                        },
                    ],
                    voicing: 0.0,
                    aspiration: 1.0,
                },
                oq: 1.1,
                tilt: -0.1,
                di: 0.0,
                vibrato_hz: 0.0,
                flutter: 25.0,
            },
            micro: VoicedObstruent,
        },
        Event {
            at_ms: 2124.25,
            transition_ms: 45.5,
            frame: Frame {
                f0_hz: 90.84933,
                targets: Targets {
                    formants: [
                        Formant {
                            freq_hz: 730.0,
                            bw_hz: 90.0,
                            amp: 1.0,
                        },
                        Formant {
                            freq_hz: 1090.0,
                            bw_hz: 110.0,
                            amp: 0.8,
                        },
                        Formant {
                            freq_hz: 2440.0,
                            bw_hz: 150.0,
                            amp: 0.3,
                        },
                    ],
                    voicing: 1.0,
                    aspiration: 0.06,
                },
                oq: 1.1,
                tilt: -0.1,
                di: 0.0,
                vibrato_hz: 0.0,
                flutter: 25.0,
            },
            micro: Vowel(
                Low,
            ),
        },
        Event {
            at_ms: 2189.25,
            transition_ms: 65.0,
            frame: Frame {
                f0_hz: 93.94207,
                targets: Targets {
                    formants: [
                        Formant {
                            freq_hz: 730.0,
                            bw_hz: 90.0,
                            amp: 1.0,
                        },
                        Formant {
                            freq_hz: 1090.0,
                            bw_hz: 110.0,
                            amp: 0.8,
                        },
                        Formant {
                            freq_hz: 2440.0,
                            bw_hz: 150.0,
                            amp: 0.3,
                        },
                    ],
                    voicing: 1.0,
                    aspiration: 0.06,
                },
                oq: 1.1,
                tilt: -0.1,
                di: 0.0,
                vibrato_hz: 0.0,
                flutter: 25.0,
            },
            micro: Vowel(
                Low,
            ),
        },
        Event {
            at_ms: 2332.25,
            transition_ms: 41.6,
            frame: Frame {
                f0_hz: 96.82611,
                targets: Targets {
                    formants: [
                        Formant {
                            freq_hz: 310.0,
                            bw_hz: 100.0,
                            amp: 1.0,
                        },
                        Formant {
                            freq_hz: 1700.0,
                            bw_hz: 150.0,
                            amp: 0.1,
                        },
                        Formant {
                            freq_hz: 2600.0,
                            bw_hz: 200.0,
                            amp: 0.05,
                        },
                    ],
                    voicing: 1.0,
                    aspiration: 0.06,
                },
                oq: 1.1,
                tilt: -0.1,
                di: 0.0,
                vibrato_hz: 0.0,
                flutter: 25.0,
            },
            micro: Sonorant,
        },
        Event {
            at_ms: 2436.25,
            transition_ms: 5.0,
            frame: Frame {
                f0_hz: 96.01451,
                targets: Targets {
                    formants: [
                        Formant {
                            freq_hz: 500.0,
                            bw_hz: 90.0,
                            amp: 0.0,
                        },
                        Formant {
                            freq_hz: 1500.0,
                            bw_hz: 110.0,
                            amp: 0.0,
                        },
                        Formant {
                            freq_hz: 2500.0,
                            bw_hz: 150.0,
                            amp: 0.0,
                        },
                    ],
                    voicing: 0.0,
                    aspiration: 0.0,
                },
                oq: 1.1,
                tilt: -0.1,
                di: 0.0,
                vibrato_hz: 0.0,
                flutter: 25.0,
            },
            micro: Silence,
        },
    ],
    spans: [
        SyllableSpan {
            start_ms: 0.0,
            dur_ms: 230.0,
            nucleus_off_ms: 80.0,
            word_index: 0,
            stressed: false,
            countable: true,
            onset_count: 1,
            coda_count: 0,
        },
        SyllableSpan {
            start_ms: 230.0,
            dur_ms: 325.0,
            nucleus_off_ms: 85.0,
            word_index: 1,
            stressed: true,
            countable: true,
            onset_count: 1,
            coda_count: 0,
        },
        SyllableSpan {
            start_ms: 555.0,
            dur_ms: 330.0,
            nucleus_off_ms: 170.0,
            word_index: 1,
            stressed: false,
            countable: true,
            onset_count: 2,
            coda_count: 0,
        },
        SyllableSpan {
            start_ms: 885.0,
            dur_ms: 235.0,
            nucleus_off_ms: 85.0,
            word_index: 2,
            stressed: false,
            countable: true,
            onset_count: 1,
            coda_count: 0,
        },
        SyllableSpan {
            start_ms: 1120.0,
            dur_ms: 285.0,
            nucleus_off_ms: 85.0,
            word_index: 3,
            stressed: false,
            countable: true,
            onset_count: 1,
            coda_count: 0,
        },
        SyllableSpan {
            start_ms: 1405.0,
            dur_ms: 240.0,
            nucleus_off_ms: 80.0,
            word_index: 4,
            stressed: false,
            countable: true,
            onset_count: 1,
            coda_count: 0,
        },
        SyllableSpan {
            start_ms: 1645.0,
            dur_ms: 305.0,
            nucleus_off_ms: 80.0,
            word_index: 5,
            stressed: true,
            countable: true,
            onset_count: 1,
            coda_count: 0,
        },
        SyllableSpan {
            start_ms: 1950.0,
            dur_ms: 486.25,
            nucleus_off_ms: 174.25,
            word_index: 5,
            stressed: false,
            countable: true,
            onset_count: 2,
            coda_count: 1,
        },
    ],
    total_ms: 2536.25,
    attitudinals: [],
}
