---
source: crates/voksa-core/tests/prosody.rs
expression: "prosodic(\"coi munje\")"
---
UtteranceSchedule {
    events: [
        Event {
            at_ms: 0.0,
            transition_ms: 35.0,
            frame: Frame {
                f0_hz: 120.0,
                targets: Targets {
                    formants: [
                        Formant {
                            freq_hz: 500.0,
                            bw_hz: 90.0,
                            amp: 0.0,
                        },
                        Formant {
                            freq_hz: 1500.0,
                            bw_hz: 110.0,
                            amp: 0.0,
                        },
                        Formant {
                            freq_hz: 3000.0,
                            bw_hz: 800.0,
                            amp: 0.9,
                        },
                    ],
                    voicing: 0.0,
                    aspiration: 1.0,
                },
                oq: 1.1,
                tilt: -0.1,
                di: 0.0,
                vibrato_hz: 0.0,
                flutter: 25.0,
            },
            micro: VoicelessObstruent,
        },
        Event {
            at_ms: 120.0,
            transition_ms: 20.0,
            frame: Frame {
                f0_hz: 117.044334,
                targets: Targets {
                    formants: [
                        Formant {
                            freq_hz: 570.0,
                            bw_hz: 90.0,
                            amp: 1.0,
                        },
                        Formant {
                            freq_hz: 840.0,
                            bw_hz: 110.0,
                            amp: 0.8,
                        },
                        Formant {
                            freq_hz: 2410.0,
                            bw_hz: 150.0,
                            amp: 0.25,
                        },
                    ],
                    voicing: 1.0,
                    aspiration: 0.06,
                },
                oq: 1.1,
                tilt: -0.1,
                di: 0.0,
                vibrato_hz: 0.0,
                flutter: 25.0,
            },
            micro: Diphthong,
        },
        Event {
            at_ms: 170.0,
            transition_ms: 100.0,
            frame: Frame {
                f0_hz: 115.812805,
                targets: Targets {
                    formants: [
                        Formant {
                            freq_hz: 270.0,
                            bw_hz: 90.0,
                            amp: 1.0,
                        },
                        Formant {
                            freq_hz: 2290.0,
                            bw_hz: 110.0,
                            amp: 0.7,
                        },
                        Formant {
                            freq_hz: 3010.0,
                            bw_hz: 150.0,
                            amp: 0.45,
                        },
                    ],
                    voicing: 1.0,
                    aspiration: 0.06,
                },
                oq: 1.1,
                tilt: -0.1,
                di: 0.0,
                vibrato_hz: 0.0,
                flutter: 25.0,
            },
            micro: Diphthong,
        },
        Event {
            at_ms: 320.0,
            transition_ms: 32.0,
            frame: Frame {
                f0_hz: 132.11823,
                targets: Targets {
                    formants: [
                        Formant {
                            freq_hz: 300.0,
                            bw_hz: 100.0,
                            amp: 1.2,
                        },
                        Formant {
                            freq_hz: 1000.0,
                            bw_hz: 150.0,
                            amp: 0.120000005,
                        },
                        Formant {
                            freq_hz: 2200.0,
                            bw_hz: 200.0,
                            amp: 0.060000002,
                        },
                    ],
                    voicing: 1.0,
                    aspiration: 0.06,
                },
                oq: 1.1,
                tilt: -0.1,
                di: 0.0,
                vibrato_hz: 0.0,
                flutter: 25.0,
            },
            micro: Sonorant,
        },
        Event {
            at_ms: 400.0,
            transition_ms: 52.5,
            frame: Frame {
                f0_hz: 134.14778,
                targets: Targets {
                    formants: [
                        Formant {
                            freq_hz: 300.0,
                            bw_hz: 90.0,
                            amp: 1.2,
                        },
                        Formant {
                            freq_hz: 870.0,
                            bw_hz: 110.0,
                            amp: 0.90000004,
                        },
                        Formant {
                            freq_hz: 2240.0,
                            bw_hz: 150.0,
                            amp: 0.3,
                        },
                    ],
                    voicing: 1.0,
                    aspiration: 0.06,
                },
                oq: 1.1,
                tilt: -0.1,
                di: 0.0,
                vibrato_hz: 0.0,
                flutter: 25.0,
            },
            micro: Vowel(
                High,
            ),
        },
        Event {
            at_ms: 625.0,
            transition_ms: 48.0,
            frame: Frame {
                f0_hz: 124.60591,
                targets: Targets {
                    formants: [
                        Formant {
                            freq_hz: 310.0,
                            bw_hz: 100.0,
                            amp: 1.2,
                        },
                        Formant {
                            freq_hz: 1700.0,
                            bw_hz: 150.0,
                            amp: 0.120000005,
                        },
                        Formant {
                            freq_hz: 2600.0,
                            bw_hz: 200.0,
                            amp: 0.060000002,
                        },
                    ],
                    voicing: 1.0,
                    aspiration: 0.06,
                },
                oq: 1.1,
                tilt: -0.1,
                di: 0.0,
                vibrato_hz: 0.0,
                flutter: 25.0,
            },
            micro: Sonorant,
        },
        Event {
            at_ms: 745.0,
            transition_ms: 35.0,
            frame: Frame {
                f0_hz: 101.650246,
                targets: Targets {
                    formants: [
                        Formant {
                            freq_hz: 250.0,
                            bw_hz: 100.0,
                            amp: 0.6,
                        },
                        Formant {
                            freq_hz: 1500.0,
                            bw_hz: 110.0,
                            amp: 0.0,
                        },
                        Formant {
                            freq_hz: 2800.0,
                            bw_hz: 700.0,
                            amp: 0.8,
                        },
                    ],
                    voicing: 0.6,
                    aspiration: 0.66,
                },
                oq: 1.1,
                tilt: -0.1,
                di: 0.0,
                vibrato_hz: 0.0,
                flutter: 25.0,
            },
            micro: VoicedObstruent,
        },
        Event {
            at_ms: 865.0,
            transition_ms: 45.5,
            frame: Frame {
                f0_hz: 95.09458,
                targets: Targets {
                    formants: [
                        Formant {
                            freq_hz: 529.7375,
                            bw_hz: 90.0,
                            amp: 1.0,
                        },
                        Formant {
                            freq_hz: 1837.025,
                            bw_hz: 110.0,
                            amp: 0.6,
                        },
                        Formant {
                            freq_hz: 2480.175,
                            bw_hz: 150.0,
                            amp: 0.3,
                        },
                    ],
                    voicing: 1.0,
                    aspiration: 0.06,
                },
                oq: 1.1,
                tilt: -0.1,
                di: 0.0,
                vibrato_hz: 0.0,
                flutter: 25.0,
            },
            micro: Vowel(
                Mid,
            ),
        },
        Event {
            at_ms: 930.0,
            transition_ms: 65.0,
            frame: Frame {
                f0_hz: 97.46306,
                targets: Targets {
                    formants: [
                        Formant {
                            freq_hz: 529.7375,
                            bw_hz: 90.0,
                            amp: 1.0,
                        },
                        Formant {
                            freq_hz: 1837.025,
                            bw_hz: 110.0,
                            amp: 0.6,
                        },
                        Formant {
                            freq_hz: 2480.175,
                            bw_hz: 150.0,
                            amp: 0.3,
                        },
                    ],
                    voicing: 1.0,
                    aspiration: 0.06,
                },
                oq: 1.1,
                tilt: -0.1,
                di: 0.0,
                vibrato_hz: 0.0,
                flutter: 25.0,
            },
            micro: Vowel(
                Mid,
            ),
        },
    ],
    spans: [
        SyllableSpan {
            start_ms: 0.0,
            dur_ms: 320.0,
            nucleus_off_ms: 120.0,
            word_index: 0,
            stressed: false,
            countable: true,
            onset_count: 1,
            coda_count: 0,
        },
        SyllableSpan {
            start_ms: 320.0,
            dur_ms: 425.0,
            nucleus_off_ms: 80.0,
            word_index: 1,
            stressed: true,
            countable: true,
            onset_count: 1,
            coda_count: 1,
        },
        SyllableSpan {
            start_ms: 745.0,
            dur_ms: 315.0,
            nucleus_off_ms: 120.0,
            word_index: 1,
            stressed: false,
            countable: true,
            onset_count: 1,
            coda_count: 0,
        },
    ],
    total_ms: 1060.0,
    attitudinals: [],
}
