---
source: crates/voksa-core/tests/prosody.rs
expression: "prosodic(\"mi tavla do bau la lojban.\")"
---
UtteranceSchedule {
    events: [
        Event {
            at_ms: 0.0,
            transition_ms: 32.0,
            frame: Frame {
                f0_hz: 120.0,
                targets: Targets {
                    formants: [
                        Formant {
                            freq_hz: 300.0,
                            bw_hz: 100.0,
                            amp: 1.0,
                        },
                        Formant {
                            freq_hz: 1000.0,
                            bw_hz: 150.0,
                            amp: 0.1,
                        },
                        Formant {
                            freq_hz: 2200.0,
                            bw_hz: 200.0,
                            amp: 0.05,
                        },
                    ],
                    voicing: 1.0,
                    aspiration: 0.0,
                },
                oq: 1.0,
                tilt: 0.0,
                di: 0.0,
                vibrato_hz: 0.0,
                flutter: 0.0,
            },
            micro: Sonorant,
        },
        Event {
            at_ms: 80.0,
            transition_ms: 35.0,
            frame: Frame {
                f0_hz: 119.207924,
                targets: Targets {
                    formants: [
                        Formant {
                            freq_hz: 270.0,
                            bw_hz: 90.0,
                            amp: 1.0,
                        },
                        Formant {
                            freq_hz: 2290.0,
                            bw_hz: 110.0,
                            amp: 0.7,
                        },
                        Formant {
                            freq_hz: 3010.0,
                            bw_hz: 150.0,
                            amp: 0.45,
                        },
                    ],
                    voicing: 1.0,
                    aspiration: 0.0,
                },
                oq: 1.0,
                tilt: 0.0,
                di: 0.0,
                vibrato_hz: 0.0,
                flutter: 0.0,
            },
            micro: Vowel(
                High,
            ),
        },
        Event {
            at_ms: 230.0,
            transition_ms: 20.0,
            frame: Frame {
                f0_hz: 137.72278,
                targets: Targets {
                    formants: [
                        Formant {
                            freq_hz: 500.0,
                            bw_hz: 90.0,
                            amp: 0.0,
                        },
                        Formant {
                            freq_hz: 1500.0,
                            bw_hz: 110.0,
                            amp: 0.0,
                        },
                        Formant {
                            freq_hz: 2500.0,
                            bw_hz: 150.0,
                            amp: 0.0,
                        },
                    ],
                    voicing: 0.0,
                    aspiration: 0.0,
                },
                oq: 1.0,
                tilt: 0.0,
                di: 0.0,
                vibrato_hz: 0.0,
                flutter: 0.0,
            },
            micro: VoicelessObstruent,
        },
        Event {
            at_ms: 290.0,
            transition_ms: 5.0,
            frame: Frame {
                f0_hz: 137.12872,
                targets: Targets {
                    formants: [
                        Formant {
                            freq_hz: 500.0,
                            bw_hz: 90.0,
                            amp: 0.0,
                        },
                        Formant {
                            freq_hz: 1500.0,
                            bw_hz: 110.0,
                            amp: 0.0,
                        },
                        Formant {
                            freq_hz: 3500.0,
                            bw_hz: 1000.0,
                            amp: 1.0200001,
                        },
                    ],
                    voicing: 0.0,
                    aspiration: 1.0,
                },
                oq: 1.0,
                tilt: 0.0,
                di: 0.0,
                vibrato_hz: 0.0,
                flutter: 0.0,
            },
            micro: VoicelessObstruent,
        },
        Event {
            at_ms: 315.0,
            transition_ms: 52.5,
            frame: Frame {
                f0_hz: 136.8812,
                targets: Targets {
                    formants: [
                        Formant {
                            freq_hz: 730.0,
                            bw_hz: 90.0,
                            amp: 1.2,
                        },
                        Formant {
                            freq_hz: 1090.0,
                            bw_hz: 110.0,
                            amp: 0.96000004,
                        },
                        Formant {
                            freq_hz: 2440.0,
                            bw_hz: 150.0,
                            amp: 0.36,
                        },
                    ],
                    voicing: 1.0,
                    aspiration: 0.0,
                },
                oq: 1.0,
                tilt: 0.0,
                di: 0.0,
                vibrato_hz: 0.0,
                flutter: 0.0,
            },
            micro: Vowel(
                Low,
            ),
        },
        Event {
            at_ms: 555.0,
            transition_ms: 35.0,
            frame: Frame {
                f0_hz: 114.50495,
                targets: Targets {
                    formants: [
                        Formant {
                            freq_hz: 250.0,
                            bw_hz: 100.0,
                            amp: 0.6,
                        },
                        Formant {
                            freq_hz: 1500.0,
                            bw_hz: 110.0,
                            amp: 0.0,
                        },
                        Formant {
                            freq_hz: 4500.0,
                            bw_hz: 3500.0,
                            amp: 0.3,
                        },
                    ],
                    voicing: 0.6,
                    aspiration: 0.5,
                },
                oq: 1.0,
                tilt: 0.0,
                di: 0.0,
                vibrato_hz: 0.0,
                flutter: 0.0,
            },
            micro: VoicedObstruent,
        },
        Event {
            at_ms: 675.0,
            transition_ms: 32.0,
            frame: Frame {
                f0_hz: 113.31683,
                targets: Targets {
                    formants: [
                        Formant {
                            freq_hz: 360.0,
                            bw_hz: 90.0,
                            amp: 1.0,
                        },
                        Formant {
                            freq_hz: 1300.0,
                            bw_hz: 110.0,
                            amp: 0.5,
                        },
                        Formant {
                            freq_hz: 2700.0,
                            bw_hz: 150.0,
                            amp: 0.2,
                        },
                    ],
                    voicing: 1.0,
                    aspiration: 0.0,
                },
                oq: 1.0,
                tilt: 0.0,
                di: 0.0,
                vibrato_hz: 0.0,
                flutter: 0.0,
            },
            micro: Sonorant,
        },
        Event {
            at_ms: 755.0,
            transition_ms: 35.0,
            frame: Frame {
                f0_hz: 112.52475,
                targets: Targets {
                    formants: [
                        Formant {
                            freq_hz: 730.0,
                            bw_hz: 90.0,
                            amp: 1.0,
                        },
                        Formant {
                            freq_hz: 1090.0,
                            bw_hz: 110.0,
                            amp: 0.8,
                        },
                        Formant {
                            freq_hz: 2440.0,
                            bw_hz: 150.0,
                            amp: 0.3,
                        },
                    ],
                    voicing: 1.0,
                    aspiration: 0.0,
                },
                oq: 1.0,
                tilt: 0.0,
                di: 0.0,
                vibrato_hz: 0.0,
                flutter: 0.0,
            },
            micro: Vowel(
                Low,
            ),
        },
        Event {
            at_ms: 915.0,
            transition_ms: 20.0,
            frame: Frame {
                f0_hz: 110.9406,
                targets: Targets {
                    formants: [
                        Formant {
                            freq_hz: 200.0,
                            bw_hz: 100.0,
                            amp: 0.3,
                        },
                        Formant {
                            freq_hz: 1500.0,
                            bw_hz: 110.0,
                            amp: 0.0,
                        },
                        Formant {
                            freq_hz: 2500.0,
                            bw_hz: 150.0,
                            amp: 0.0,
                        },
                    ],
                    voicing: 1.0,
                    aspiration: 0.0,
                },
                oq: 1.0,
                tilt: 0.0,
                di: 0.0,
                vibrato_hz: 0.0,
                flutter: 0.0,
            },
            micro: VoicedObstruent,
        },
        Event {
            at_ms: 975.0,
            transition_ms: 5.0,
            frame: Frame {
                f0_hz: 110.346535,
                targets: Targets {
                    formants: [
                        Formant {
                            freq_hz: 500.0,
                            bw_hz: 90.0,
                            amp: 0.0,
                        },
                        Formant {
                            freq_hz: 1500.0,
                            bw_hz: 110.0,
                            amp: 0.0,
                        },
                        Formant {
                            freq_hz: 3500.0,
                            bw_hz: 1000.0,
                            amp: 0.85,
                        },
                    ],
                    voicing: 0.0,
                    aspiration: 1.0,
                },
                oq: 1.0,
                tilt: 0.0,
                di: 0.0,
                vibrato_hz: 0.0,
                flutter: 0.0,
            },
            micro: VoicedObstruent,
        },
        Event {
            at_ms: 1000.0,
            transition_ms: 35.0,
            frame: Frame {
                f0_hz: 110.09901,
                targets: Targets {
                    formants: [
                        Formant {
                            freq_hz: 570.0,
                            bw_hz: 90.0,
                            amp: 1.0,
                        },
                        Formant {
                            freq_hz: 840.0,
                            bw_hz: 110.0,
                            amp: 0.8,
                        },
                        Formant {
                            freq_hz: 2410.0,
                            bw_hz: 150.0,
                            amp: 0.25,
                        },
                    ],
                    voicing: 1.0,
                    aspiration: 0.0,
                },
                oq: 1.0,
                tilt: 0.0,
                di: 0.0,
                vibrato_hz: 0.0,
                flutter: 0.0,
            },
            micro: Vowel(
                Mid,
            ),
        },
        Event {
            at_ms: 1150.0,
            transition_ms: 20.0,
            frame: Frame {
                f0_hz: 108.61386,
                targets: Targets {
                    formants: [
                        Formant {
                            freq_hz: 200.0,
                            bw_hz: 100.0,
                            amp: 0.3,
                        },
                        Formant {
                            freq_hz: 1500.0,
                            bw_hz: 110.0,
                            amp: 0.0,
                        },
                        Formant {
                            freq_hz: 2500.0,
                            bw_hz: 150.0,
                            amp: 0.0,
                        },
                    ],
                    voicing: 1.0,
                    aspiration: 0.0,
                },
                oq: 1.0,
                tilt: 0.0,
                di: 0.0,
                vibrato_hz: 0.0,
                flutter: 0.0,
            },
            micro: VoicedObstruent,
        },
        Event {
            at_ms: 1210.0,
            transition_ms: 5.0,
            frame: Frame {
                f0_hz: 108.019806,
                targets: Targets {
                    formants: [
                        Formant {
                            freq_hz: 500.0,
                            bw_hz: 90.0,
                            amp: 0.0,
                        },
                        Formant {
                            freq_hz: 700.0,
                            bw_hz: 700.0,
                            amp: 0.6,
                        },
                        Formant {
                            freq_hz: 2500.0,
                            bw_hz: 150.0,
                            amp: 0.0,
                        },
                    ],
                    voicing: 0.0,
                    aspiration: 1.0,
                },
                oq: 1.0,
                tilt: 0.0,
                di: 0.0,
                vibrato_hz: 0.0,
                flutter: 0.0,
            },
            micro: VoicedObstruent,
        },
        Event {
            at_ms: 1235.0,
            transition_ms: 20.0,
            frame: Frame {
                f0_hz: 107.77228,
                targets: Targets {
                    formants: [
                        Formant {
                            freq_hz: 730.0,
                            bw_hz: 90.0,
                            amp: 1.0,
                        },
                        Formant {
                            freq_hz: 1090.0,
                            bw_hz: 110.0,
                            amp: 0.8,
                        },
                        Formant {
                            freq_hz: 2440.0,
                            bw_hz: 150.0,
                            amp: 0.3,
                        },
                    ],
                    voicing: 1.0,
                    aspiration: 0.0,
                },
                oq: 1.0,
                tilt: 0.0,
                di: 0.0,
                vibrato_hz: 0.0,
                flutter: 0.0,
            },
            micro: Diphthong,
        },
        Event {
            at_ms: 1285.0,
            transition_ms: 100.0,
            frame: Frame {
                f0_hz: 107.27723,
                targets: Targets {
                    formants: [
                        Formant {
                            freq_hz: 300.0,
                            bw_hz: 90.0,
                            amp: 1.0,
                        },
                        Formant {
                            freq_hz: 870.0,
                            bw_hz: 110.0,
                            amp: 0.75,
                        },
                        Formant {
                            freq_hz: 2240.0,
                            bw_hz: 150.0,
                            amp: 0.25,
                        },
                    ],
                    voicing: 1.0,
                    aspiration: 0.0,
                },
                oq: 1.0,
                tilt: 0.0,
                di: 0.0,
                vibrato_hz: 0.0,
                flutter: 0.0,
            },
            micro: Diphthong,
        },
        Event {
            at_ms: 1435.0,
            transition_ms: 32.0,
            frame: Frame {
                f0_hz: 105.79208,
                targets: Targets {
                    formants: [
                        Formant {
                            freq_hz: 360.0,
                            bw_hz: 90.0,
                            amp: 1.0,
                        },
                        Formant {
                            freq_hz: 1300.0,
                            bw_hz: 110.0,
                            amp: 0.5,
                        },
                        Formant {
                            freq_hz: 2700.0,
                            bw_hz: 150.0,
                            amp: 0.2,
                        },
                    ],
                    voicing: 1.0,
                    aspiration: 0.0,
                },
                oq: 1.0,
                tilt: 0.0,
                di: 0.0,
                vibrato_hz: 0.0,
                flutter: 0.0,
            },
            micro: Sonorant,
        },
        Event {
            at_ms: 1515.0,
            transition_ms: 35.0,
            frame: Frame {
                f0_hz: 105.0,
                targets: Targets {
                    formants: [
                        Formant {
                            freq_hz: 730.0,
                            bw_hz: 90.0,
                            amp: 1.0,
                        },
                        Formant {
                            freq_hz: 1090.0,
                            bw_hz: 110.0,
                            amp: 0.8,
                        },
                        Formant {
                            freq_hz: 2440.0,
                            bw_hz: 150.0,
                            amp: 0.3,
                        },
                    ],
                    voicing: 1.0,
                    aspiration: 0.0,
                },
                oq: 1.0,
                tilt: 0.0,
                di: 0.0,
                vibrato_hz: 0.0,
                flutter: 0.0,
            },
            micro: Vowel(
                Low,
            ),
        },
        Event {
            at_ms: 1675.0,
            transition_ms: 32.0,
            frame: Frame {
                f0_hz: 123.41584,
                targets: Targets {
                    formants: [
                        Formant {
                            freq_hz: 360.0,
                            bw_hz: 90.0,
                            amp: 1.2,
                        },
                        Formant {
                            freq_hz: 1300.0,
                            bw_hz: 110.0,
                            amp: 0.6,
                        },
                        Formant {
                            freq_hz: 2700.0,
                            bw_hz: 150.0,
                            amp: 0.24000001,
                        },
                    ],
                    voicing: 1.0,
                    aspiration: 0.0,
                },
                oq: 1.0,
                tilt: 0.0,
                di: 0.0,
                vibrato_hz: 0.0,
                flutter: 0.0,
            },
            micro: Sonorant,
        },
        Event {
            at_ms: 1755.0,
            transition_ms: 52.5,
            frame: Frame {
                f0_hz: 122.623764,
                targets: Targets {
                    formants: [
                        Formant {
                            freq_hz: 570.0,
                            bw_hz: 90.0,
                            amp: 1.2,
                        },
                        Formant {
                            freq_hz: 840.0,
                            bw_hz: 110.0,
                            amp: 0.96000004,
                        },
                        Formant {
                            freq_hz: 2410.0,
                            bw_hz: 150.0,
                            amp: 0.3,
                        },
                    ],
                    voicing: 1.0,
                    aspiration: 0.0,
                },
                oq: 1.0,
                tilt: 0.0,
                di: 0.0,
                vibrato_hz: 0.0,
                flutter: 0.0,
            },
            micro: Vowel(
                Mid,
            ),
        },
        Event {
            at_ms: 1980.0,
            transition_ms: 35.0,
            frame: Frame {
                f0_hz: 100.39604,
                targets: Targets {
                    formants: [
                        Formant {
                            freq_hz: 250.0,
                            bw_hz: 100.0,
                            amp: 0.6,
                        },
                        Formant {
                            freq_hz: 1500.0,
                            bw_hz: 110.0,
                            amp: 0.0,
                        },
                        Formant {
                            freq_hz: 2800.0,
                            bw_hz: 700.0,
                            amp: 0.8,
                        },
                    ],
                    voicing: 0.6,
                    aspiration: 0.6,
                },
                oq: 1.0,
                tilt: 0.0,
                di: 0.0,
                vibrato_hz: 0.0,
                flutter: 0.0,
            },
            micro: VoicedObstruent,
        },
        Event {
            at_ms: 2100.0,
            transition_ms: 20.0,
            frame: Frame {
                f0_hz: 99.20792,
                targets: Targets {
                    formants: [
                        Formant {
                            freq_hz: 200.0,
                            bw_hz: 100.0,
                            amp: 0.3,
                        },
                        Formant {
                            freq_hz: 1500.0,
                            bw_hz: 110.0,
                            amp: 0.0,
                        },
                        Formant {
                            freq_hz: 2500.0,
                            bw_hz: 150.0,
                            amp: 0.0,
                        },
                    ],
                    voicing: 1.0,
                    aspiration: 0.0,
                },
                oq: 1.0,
                tilt: 0.0,
                di: 0.0,
                vibrato_hz: 0.0,
                flutter: 0.0,
            },
            micro: VoicedObstruent,
        },
        Event {
            at_ms: 2160.0,
            transition_ms: 5.0,
            frame: Frame {
                f0_hz: 98.61386,
                targets: Targets {
                    formants: [
                        Formant {
                            freq_hz: 500.0,
                            bw_hz: 90.0,
                            amp: 0.0,
                        },
                        Formant {
                            freq_hz: 700.0,
                            bw_hz: 700.0,
                            amp: 0.6,
                        },
                        Formant {
                            freq_hz: 2500.0,
                            bw_hz: 150.0,
                            amp: 0.0,
                        },
                    ],
                    voicing: 0.0,
                    aspiration: 1.0,
                },
                oq: 1.0,
                tilt: 0.0,
                di: 0.0,
                vibrato_hz: 0.0,
                flutter: 0.0,
            },
            micro: VoicedObstruent,
        },
        Event {
            at_ms: 2185.0,
            transition_ms: 35.0,
            frame: Frame {
                f0_hz: 98.36633,
                targets: Targets {
                    formants: [
                        Formant {
                            freq_hz: 730.0,
                            bw_hz: 90.0,
                            amp: 1.0,
                        },
                        Formant {
                            freq_hz: 1090.0,
                            bw_hz: 110.0,
                            amp: 0.8,
                        },
                        Formant {
                            freq_hz: 2440.0,
                            bw_hz: 150.0,
                            amp: 0.3,
                        },
                    ],
                    voicing: 1.0,
                    aspiration: 0.0,
                },
                oq: 1.0,
                tilt: 0.0,
                di: 0.0,
                vibrato_hz: 0.0,
                flutter: 0.0,
            },
            micro: Vowel(
                Low,
            ),
        },
        Event {
            at_ms: 2345.0,
            transition_ms: 32.0,
            frame: Frame {
                f0_hz: 96.78218,
                targets: Targets {
                    formants: [
                        Formant {
                            freq_hz: 310.0,
                            bw_hz: 100.0,
                            amp: 1.0,
                        },
                        Formant {
                            freq_hz: 1700.0,
                            bw_hz: 150.0,
                            amp: 0.1,
                        },
                        Formant {
                            freq_hz: 2600.0,
                            bw_hz: 200.0,
                            amp: 0.05,
                        },
                    ],
                    voicing: 1.0,
                    aspiration: 0.0,
                },
                oq: 1.0,
                tilt: 0.0,
                di: 0.0,
                vibrato_hz: 0.0,
                flutter: 0.0,
            },
            micro: Sonorant,
        },
        Event {
            at_ms: 2425.0,
            transition_ms: 5.0,
            frame: Frame {
                f0_hz: 95.9901,
                targets: Targets {
                    formants: [
                        Formant {
                            freq_hz: 500.0,
                            bw_hz: 90.0,
                            amp: 0.0,
                        },
                        Formant {
                            freq_hz: 1500.0,
                            bw_hz: 110.0,
                            amp: 0.0,
                        },
                        Formant {
                            freq_hz: 2500.0,
                            bw_hz: 150.0,
                            amp: 0.0,
                        },
                    ],
                    voicing: 0.0,
                    aspiration: 0.0,
                },
                oq: 1.0,
                tilt: 0.0,
                di: 0.0,
                vibrato_hz: 0.0,
                flutter: 0.0,
            },
            micro: Silence,
        },
    ],
    spans: [
        SyllableSpan {
            start_ms: 0.0,
            dur_ms: 230.0,
            nucleus_off_ms: 80.0,
            word_index: 0,
            stressed: false,
            countable: true,
            onset_count: 1,
            coda_count: 0,
        },
        SyllableSpan {
            start_ms: 230.0,
            dur_ms: 325.0,
            nucleus_off_ms: 85.0,
            word_index: 1,
            stressed: true,
            countable: true,
            onset_count: 1,
            coda_count: 0,
        },
        SyllableSpan {
            start_ms: 555.0,
            dur_ms: 360.0,
            nucleus_off_ms: 200.0,
            word_index: 1,
            stressed: false,
            countable: true,
            onset_count: 2,
            coda_count: 0,
        },
        SyllableSpan {
            start_ms: 915.0,
            dur_ms: 235.0,
            nucleus_off_ms: 85.0,
            word_index: 2,
            stressed: false,
            countable: true,
            onset_count: 1,
            coda_count: 0,
        },
        SyllableSpan {
            start_ms: 1150.0,
            dur_ms: 285.0,
            nucleus_off_ms: 85.0,
            word_index: 3,
            stressed: false,
            countable: true,
            onset_count: 1,
            coda_count: 0,
        },
        SyllableSpan {
            start_ms: 1435.0,
            dur_ms: 240.0,
            nucleus_off_ms: 80.0,
            word_index: 4,
            stressed: false,
            countable: true,
            onset_count: 1,
            coda_count: 0,
        },
        SyllableSpan {
            start_ms: 1675.0,
            dur_ms: 305.0,
            nucleus_off_ms: 80.0,
            word_index: 5,
            stressed: true,
            countable: true,
            onset_count: 1,
            coda_count: 0,
        },
        SyllableSpan {
            start_ms: 1980.0,
            dur_ms: 445.0,
            nucleus_off_ms: 205.0,
            word_index: 5,
            stressed: false,
            countable: true,
            onset_count: 2,
            coda_count: 1,
        },
    ],
    total_ms: 2525.0,
    attitudinals: [],
}
